// Vitest Snapshot v1, https://vitest.dev/guide/snapshot.html

exports[`parseSwaggerString > parses JSON objects 1`] = `
{
  "externalDocs": null,
  "info": {
    "license": {
      "name": "MIT",
    },
    "title": "Swagger Petstore",
    "version": "1.0.0",
  },
  "operations": {},
  "servers": [
    {
      "url": "http://petstore.swagger.io/v1",
    },
  ],
  "tags": [
    {
      "description": "",
      "name": "pets",
      "operations": [
        {
          "description": "",
          "httpVerb": "get",
          "information": {
            "operationId": "listPets",
            "parameters": [
              {
                "description": "How many items to return at one time (max 100)",
                "in": "query",
                "name": "limit",
                "schema": {
                  "format": "int32",
                  "type": "integer",
                },
              },
            ],
            "responses": {
              "200": {
                "content": {
                  "application/json": {
                    "schema": {
                      "items": {
                        "properties": {
                          "id": {
                            "format": "int64",
                            "type": "integer",
                          },
                          "name": {
                            "type": "string",
                          },
                          "tag": {
                            "type": "string",
                          },
                        },
                        "required": [
                          "id",
                          "name",
                        ],
                      },
                      "type": "array",
                    },
                  },
                },
                "description": "An paged array of pets",
                "headers": {
                  "x-next": {
                    "description": "A link to the next page of responses",
                    "schema": {
                      "type": "string",
                    },
                  },
                },
              },
              "default": {
                "content": {
                  "application/json": {
                    "schema": {
                      "properties": {
                        "code": {
                          "format": "int32",
                          "type": "integer",
                        },
                        "message": {
                          "type": "string",
                        },
                      },
                      "required": [
                        "code",
                        "message",
                      ],
                    },
                  },
                },
                "description": "unexpected error",
              },
            },
            "summary": "List all pets",
            "tags": [
              "pets",
            ],
          },
          "name": "List all pets",
          "operationId": "listPets",
          "path": "/pets",
        },
        {
          "description": "",
          "httpVerb": "post",
          "information": {
            "operationId": "createPets",
            "responses": {
              "201": {
                "description": "Null response",
              },
              "default": {
                "content": {
                  "application/json": {
                    "schema": {
                      "properties": {
                        "code": {
                          "format": "int32",
                          "type": "integer",
                        },
                        "message": {
                          "type": "string",
                        },
                      },
                      "required": [
                        "code",
                        "message",
                      ],
                    },
                  },
                },
                "description": "unexpected error",
              },
            },
            "summary": "Create a pet",
            "tags": [
              "pets",
            ],
          },
          "name": "Create a pet",
          "operationId": "createPets",
          "path": "/pets",
        },
        {
          "description": "",
          "httpVerb": "get",
          "information": {
            "operationId": "showPetById",
            "parameters": [
              {
                "description": "The id of the pet to retrieve",
                "in": "path",
                "name": "petId",
                "required": true,
                "schema": {
                  "type": "string",
                },
              },
            ],
            "responses": {
              "200": {
                "content": {
                  "application/json": {
                    "schema": {
                      "items": {
                        "properties": {
                          "id": {
                            "format": "int64",
                            "type": "integer",
                          },
                          "name": {
                            "type": "string",
                          },
                          "tag": {
                            "type": "string",
                          },
                        },
                        "required": [
                          "id",
                          "name",
                        ],
                      },
                      "type": "array",
                    },
                  },
                },
                "description": "Expected response to a valid request",
              },
              "default": {
                "content": {
                  "application/json": {
                    "schema": {
                      "properties": {
                        "code": {
                          "format": "int32",
                          "type": "integer",
                        },
                        "message": {
                          "type": "string",
                        },
                      },
                      "required": [
                        "code",
                        "message",
                      ],
                    },
                  },
                },
                "description": "unexpected error",
              },
            },
            "summary": "Info for a specific pet",
            "tags": [
              "pets",
            ],
          },
          "name": "Info for a specific pet",
          "operationId": "showPetById",
          "path": "/pets/{petId}",
        },
      ],
    },
  ],
}
`;

exports[`parseSwaggerString > parses JSON objects and returns a promise 1`] = `
{
  "externalDocs": null,
  "info": {
    "license": {
      "name": "MIT",
    },
    "title": "Swagger Petstore",
    "version": "1.0.0",
  },
  "operations": {},
  "servers": [
    {
      "url": "http://petstore.swagger.io/v1",
    },
  ],
  "tags": [
    {
      "description": "",
      "name": "pets",
      "operations": [
        {
          "description": "",
          "httpVerb": "get",
          "information": {
            "operationId": "listPets",
            "parameters": [
              {
                "description": "How many items to return at one time (max 100)",
                "in": "query",
                "name": "limit",
                "schema": {
                  "format": "int32",
                  "type": "integer",
                },
              },
            ],
            "responses": {
              "200": {
                "content": {
                  "application/json": {
                    "schema": {
                      "items": {
                        "properties": {
                          "id": {
                            "format": "int64",
                            "type": "integer",
                          },
                          "name": {
                            "type": "string",
                          },
                          "tag": {
                            "type": "string",
                          },
                        },
                        "required": [
                          "id",
                          "name",
                        ],
                      },
                      "type": "array",
                    },
                  },
                },
                "description": "An paged array of pets",
                "headers": {
                  "x-next": {
                    "description": "A link to the next page of responses",
                    "schema": {
                      "type": "string",
                    },
                  },
                },
              },
              "default": {
                "content": {
                  "application/json": {
                    "schema": {
                      "properties": {
                        "code": {
                          "format": "int32",
                          "type": "integer",
                        },
                        "message": {
                          "type": "string",
                        },
                      },
                      "required": [
                        "code",
                        "message",
                      ],
                    },
                  },
                },
                "description": "unexpected error",
              },
            },
            "summary": "List all pets",
            "tags": [
              "pets",
            ],
          },
          "name": "List all pets",
          "operationId": "listPets",
          "path": "/pets",
        },
        {
          "description": "",
          "httpVerb": "post",
          "information": {
            "operationId": "createPets",
            "responses": {
              "201": {
                "description": "Null response",
              },
              "default": {
                "content": {
                  "application/json": {
                    "schema": {
                      "properties": {
                        "code": {
                          "format": "int32",
                          "type": "integer",
                        },
                        "message": {
                          "type": "string",
                        },
                      },
                      "required": [
                        "code",
                        "message",
                      ],
                    },
                  },
                },
                "description": "unexpected error",
              },
            },
            "summary": "Create a pet",
            "tags": [
              "pets",
            ],
          },
          "name": "Create a pet",
          "operationId": "createPets",
          "path": "/pets",
        },
        {
          "description": "",
          "httpVerb": "get",
          "information": {
            "operationId": "showPetById",
            "parameters": [
              {
                "description": "The id of the pet to retrieve",
                "in": "path",
                "name": "petId",
                "required": true,
                "schema": {
                  "type": "string",
                },
              },
            ],
            "responses": {
              "200": {
                "content": {
                  "application/json": {
                    "schema": {
                      "items": {
                        "properties": {
                          "id": {
                            "format": "int64",
                            "type": "integer",
                          },
                          "name": {
                            "type": "string",
                          },
                          "tag": {
                            "type": "string",
                          },
                        },
                        "required": [
                          "id",
                          "name",
                        ],
                      },
                      "type": "array",
                    },
                  },
                },
                "description": "Expected response to a valid request",
              },
              "default": {
                "content": {
                  "application/json": {
                    "schema": {
                      "properties": {
                        "code": {
                          "format": "int32",
                          "type": "integer",
                        },
                        "message": {
                          "type": "string",
                        },
                      },
                      "required": [
                        "code",
                        "message",
                      ],
                    },
                  },
                },
                "description": "unexpected error",
              },
            },
            "summary": "Info for a specific pet",
            "tags": [
              "pets",
            ],
          },
          "name": "Info for a specific pet",
          "operationId": "showPetById",
          "path": "/pets/{petId}",
        },
      ],
    },
  ],
}
`;

exports[`parseSwaggerString > parses JSON strings 1`] = `
{
  "externalDocs": null,
  "info": {
    "license": {
      "name": "MIT",
    },
    "title": "Swagger Petstore",
    "version": "1.0.0",
  },
  "operations": {},
  "servers": [
    {
      "url": "http://petstore.swagger.io/v1",
    },
  ],
  "tags": [
    {
      "description": "",
      "name": "pets",
      "operations": [
        {
          "description": "",
          "httpVerb": "get",
          "information": {
            "operationId": "listPets",
            "parameters": [
              {
                "description": "How many items to return at one time (max 100)",
                "in": "query",
                "name": "limit",
                "schema": {
                  "format": "int32",
                  "type": "integer",
                },
              },
            ],
            "responses": {
              "200": {
                "content": {
                  "application/json": {
                    "schema": {
                      "items": {
                        "properties": {
                          "id": {
                            "format": "int64",
                            "type": "integer",
                          },
                          "name": {
                            "type": "string",
                          },
                          "tag": {
                            "type": "string",
                          },
                        },
                        "required": [
                          "id",
                          "name",
                        ],
                      },
                      "type": "array",
                    },
                  },
                },
                "description": "An paged array of pets",
                "headers": {
                  "x-next": {
                    "description": "A link to the next page of responses",
                    "schema": {
                      "type": "string",
                    },
                  },
                },
              },
              "default": {
                "content": {
                  "application/json": {
                    "schema": {
                      "properties": {
                        "code": {
                          "format": "int32",
                          "type": "integer",
                        },
                        "message": {
                          "type": "string",
                        },
                      },
                      "required": [
                        "code",
                        "message",
                      ],
                    },
                  },
                },
                "description": "unexpected error",
              },
            },
            "summary": "List all pets",
            "tags": [
              "pets",
            ],
          },
          "name": "List all pets",
          "operationId": "listPets",
          "path": "/pets",
        },
        {
          "description": "",
          "httpVerb": "post",
          "information": {
            "operationId": "createPets",
            "responses": {
              "201": {
                "description": "Null response",
              },
              "default": {
                "content": {
                  "application/json": {
                    "schema": {
                      "properties": {
                        "code": {
                          "format": "int32",
                          "type": "integer",
                        },
                        "message": {
                          "type": "string",
                        },
                      },
                      "required": [
                        "code",
                        "message",
                      ],
                    },
                  },
                },
                "description": "unexpected error",
              },
            },
            "summary": "Create a pet",
            "tags": [
              "pets",
            ],
          },
          "name": "Create a pet",
          "operationId": "createPets",
          "path": "/pets",
        },
        {
          "description": "",
          "httpVerb": "get",
          "information": {
            "operationId": "showPetById",
            "parameters": [
              {
                "description": "The id of the pet to retrieve",
                "in": "path",
                "name": "petId",
                "required": true,
                "schema": {
                  "type": "string",
                },
              },
            ],
            "responses": {
              "200": {
                "content": {
                  "application/json": {
                    "schema": {
                      "items": {
                        "properties": {
                          "id": {
                            "format": "int64",
                            "type": "integer",
                          },
                          "name": {
                            "type": "string",
                          },
                          "tag": {
                            "type": "string",
                          },
                        },
                        "required": [
                          "id",
                          "name",
                        ],
                      },
                      "type": "array",
                    },
                  },
                },
                "description": "Expected response to a valid request",
              },
              "default": {
                "content": {
                  "application/json": {
                    "schema": {
                      "properties": {
                        "code": {
                          "format": "int32",
                          "type": "integer",
                        },
                        "message": {
                          "type": "string",
                        },
                      },
                      "required": [
                        "code",
                        "message",
                      ],
                    },
                  },
                },
                "description": "unexpected error",
              },
            },
            "summary": "Info for a specific pet",
            "tags": [
              "pets",
            ],
          },
          "name": "Info for a specific pet",
          "operationId": "showPetById",
          "path": "/pets/{petId}",
        },
      ],
    },
  ],
}
`;
